// Jest Snapshot v1, https://goo.gl/fbAQLP

exports[`Item Display component Renders correctly 1`] = `undefined`;
