// Jest Snapshot v1, https://goo.gl/fbAQLP

exports[`Shop items Renders correctly 1`] = `undefined`;
